Warning: changing sort block size to 33554432 bytes due to low total memory.
=== 1/5 Counting and sorting n-grams ===
Reading /workspace/data/kenlm/train.txt
----5---10---15---20---25---30---35---40---45---50---55---60---65---70---75---80---85---90---95--100
****************************************************************************************************
Unigram tokens 280200 types 12885
=== 2/5 Calculating and sorting adjusted counts ===
Chain sizes: 1:154620 2:46630644 3:87432464
Statistics:
1 12885 D1=0.121996 D2=1.82159 D3+=2.69495
2 134348 D1=0.757651 D2=1.23079 D3+=1.58215
3 227247 D1=0.875424 D2=1.31521 D3+=1.55303
Memory estimate for binary LM:
type      kB
probing 7470 assuming -p 1.5
probing 8308 assuming -r models -p 1.5
trie    3108 without quantization
trie    1702 assuming -q 8 -b 8 quantization 
trie    2939 assuming -a 22 array pointer compression
trie    1533 assuming -a 22 -q 8 -b 8 array pointer compression and quantization
=== 3/5 Calculating and sorting initial probabilities ===
Chain sizes: 1:154620 2:2149568 3:4544940
=== 4/5 Calculating and writing order-interpolated probabilities ===
Chain sizes: 1:154620 2:2149568 3:4544940
=== 5/5 Writing ARPA model ===
Name:lmplz	VmPeak:571664 kB	VmRSS:12928 kB	RSSMax:59464 kB	user:0.318972	sys:0.163283	CPU:0.482278	real:1.14726
