=== 1/5 Counting and sorting n-grams ===
Reading /workspace/data/kenlm/train.txt
----5---10---15---20---25---30---35---40---45---50---55---60---65---70---75---80---85---90---95--100
****************************************************************************************************
Unigram tokens 280200 types 12885
=== 2/5 Calculating and sorting adjusted counts ===
Chain sizes: 1:154620 2:91355960 3:171292432 4:274067904
Statistics:
1 12885 D1=0.121996 D2=1.82159 D3+=2.69495
2 134348 D1=0.757651 D2=1.23079 D3+=1.58215
3 227247 D1=0.900186 D2=1.3568 D3+=1.54361
4 251568 D1=0.942676 D2=1.45942 D3+=1.64104
Memory estimate for binary LM:
type       kB
probing 13224 assuming -p 1.5
probing 15393 assuming -r models -p 1.5
trie     5877 without quantization
trie     3101 assuming -q 8 -b 8 quantization 
trie     5406 assuming -a 22 array pointer compression
trie     2630 assuming -a 22 -q 8 -b 8 array pointer compression and quantization
=== 3/5 Calculating and sorting initial probabilities ===
Chain sizes: 1:154620 2:2149568 3:4544940 4:6037632
=== 4/5 Calculating and writing order-interpolated probabilities ===
Chain sizes: 1:154620 2:2149568 3:4544940 4:6037632
=== 5/5 Writing ARPA model ===
Name:lmplz	VmPeak:790672 kB	VmRSS:6512 kB	RSSMax:136328 kB	user:0.548869	sys:0.310898	CPU:0.859788	real:2.1425
